Microchip MPLAB XC8 Compiler V2.31

Linker command line:

-W-3 --edf=D:\Program Files\Microchip\xc8\v2.31\pic\dat\en_msgs.txt -cn \
  -h+dist/default/production\Vending_Machine1.0.X.production.sym \
  --cmf=dist/default/production\Vending_Machine1.0.X.production.cmf -z \
  -Q18F4550 -oC:\Users\User\AppData\Local\Temp\scek.2 \
  --defsym=__MPLAB_BUILD=1 \
  -Mdist/default/production/Vending_Machine1.0.X.production.map -E1 \
  -ver=XC8 Compiler --acfsm=1493 -ASTACK=015Bh-07FFh -pstack=STACK \
  -ACODE=00h-07FFFh -ACONST=00h-07FFFh -ASMALLCONST=0800h-08FFhx120 \
  -AMEDIUMCONST=0800h-07FFFh -ACOMRAM=01h-05Fh -AABS1=00h-07FFh \
  -ABIGRAM=01h-07FFh -ARAM=060h-0FFh,0100h-01FFhx7 -ABANK0=060h-0FFh \
  -ABANK1=0100h-01FFh -ABANK2=0200h-02FFh -ABANK3=0300h-03FFh \
  -ABANK4=0400h-04FFh -ABANK5=0500h-05FFh -ABANK6=0600h-06FFh \
  -ABANK7=0700h-07FFh -ASFR=0F60h-0FFFh -ACONFIG=0300000h-030000Dh \
  -AIDLOC=0200000h-0200007h -AEEDATA=0F00000h-0F000FFh -peeprom_data=EEDATA \
  -preset_vec=00h,intcode,intcodelo,powerup,init -pramtop=0800h \
  -psmallconst=SMALLCONST -pmediumconst=MEDIUMCONST -pconst=CONST \
  -AFARRAM=00h-00h \
  -prdata=COMRAM,nvrram=COMRAM,nvbit=COMRAM,rbss=COMRAM,rbit=COMRAM \
  -pfarbss=FARRAM,fardata=FARRAM,nvFARRAM=FARRAM \
  -pintsave_regs=BIGRAM,bigbss=BIGRAM,bigdata=BIGRAM -pbss=RAM \
  -pidata=CODE,irdata=CODE,ibigdata=CODE,ifardata=CODE -prparam=COMRAM \
  C:\Users\User\AppData\Local\Temp\scek.o \
  dist/default/production\Vending_Machine1.0.X.production.o 

Object code version is 3.11

Machine type is 18F4550



                Name                               Link     Load   Length Selector   Space Scale
C:\Users\User\AppData\Local\Temp\scek.o
                idloc                            200000   200000        8        0       5
                config                           300000   300000        E        0       4
                init                                  0        0        4        0       0
dist/default/production\Vending_Machine1.0.X.production.o
                idloc                            200000   200000        8        0       5
                config                           300000   300000        E        0       4
                mediumconst                        7E9E     7E9E      162     3F4F       0
                text39                             6016     6016       1A     300B       0
                text38                             6330     6330       4A     3198       0
                text37                             63C4     63C4       4C     31E2       0
                text36                             5FC6     5FC6       14     2FE3       0
                text35                             60D6     60D6       30     306B       0
                text34                             6410     6410       4C     3208       0
                text33                             6508     6508       5E     3284       0
                text32                             6696     6696       8E     334B       0
                text31                             5FDA     5FDA       14     2FED       0
                text30                             5FEE     5FEE       14     2FF7       0
                text29                             5FB4     5FB4       12     2FDA       0
                text28                             61AC     61AC       3A     30D6       0
                text27                             6030     6030       22     3018       0
                text26                             607A     607A       2E     303D       0
                text25                             60A8     60A8       2E     3054       0
                text24                             6002     6002       14     3001       0
                text23                             64AE     64AE       5A     3257       0
                text22                             637A     637A       4A     31BD       0
                text21                             6A18     6A18      188     350C       0
                text20                             68B4     68B4      164     345A       0
                text19                             6222     6222       40     3111       0
                text18                             5FB2     5FB2        2     2FD9       0
                text17                             67EA     67EA       CA     33F5       0
                text16                             62A4     62A4       44     3152       0
                text15                             6106     6106       36     3083       0
                text14                             6724     6724       C6     3392       0
                text13                             7618     7618      2E4     3B0C       0
                text12                             61E6     61E6       3C     30F3       0
                text11                             613C     613C       38     309E       0
                text10                             6174     6174       38     30BA       0
                text9                              6566     6566       5E     32B3       0
                text8                              7062     7062      2DA     3831       0
                text7                              6DC8     6DC8      29A     36E4       0
                text6                              65C4     65C4       62     32E2       0
                text5                              645C     645C       52     322E       0
                text4                              733C     733C      2DC     399E       0
                text3                              6626     6626       70     3313       0
                text2                              62E8     62E8       48     3174       0
                text1                              6BA0     6BA0      228     35D0       0
                text0                              78FC     78FC      5A2     3C7E       0
                cstackCOMRAM                          1        1       5F        1       1
                cstackBANK0                          60       60       90       60       1
                dataBANK1                           132      132       27      100       1
                bssBANK1                            100      100       32      100       1
                bssBANK0                             F0       F0        E       60       1
                cinit                              6262     6262       42     3131       0
                nvBANK1                             159      159        2      100       1
                idataBANK1                         6053     6053       27     6053       0

TOTAL           Name                               Link     Load   Length     Space
        CLASS   STACK          

        CLASS   CODE           
                init                                  0        0        4         0
                text39                             6016     6016       1A         0
                text38                             6330     6330       4A         0
                text37                             63C4     63C4       4C         0
                text36                             5FC6     5FC6       14         0
                text35                             60D6     60D6       30         0
                text34                             6410     6410       4C         0
                text33                             6508     6508       5E         0
                text32                             6696     6696       8E         0
                text31                             5FDA     5FDA       14         0
                text30                             5FEE     5FEE       14         0
                text29                             5FB4     5FB4       12         0
                text28                             61AC     61AC       3A         0
                text27                             6030     6030       22         0
                text26                             607A     607A       2E         0
                text25                             60A8     60A8       2E         0
                text24                             6002     6002       14         0
                text23                             64AE     64AE       5A         0
                text22                             637A     637A       4A         0
                text21                             6A18     6A18      188         0
                text20                             68B4     68B4      164         0
                text19                             6222     6222       40         0
                text18                             5FB2     5FB2        2         0
                text17                             67EA     67EA       CA         0
                text16                             62A4     62A4       44         0
                text15                             6106     6106       36         0
                text14                             6724     6724       C6         0
                text13                             7618     7618      2E4         0
                text12                             61E6     61E6       3C         0
                text11                             613C     613C       38         0
                text10                             6174     6174       38         0
                text9                              6566     6566       5E         0
                text8                              7062     7062      2DA         0
                text7                              6DC8     6DC8      29A         0
                text6                              65C4     65C4       62         0
                text5                              645C     645C       52         0
                text4                              733C     733C      2DC         0
                text3                              6626     6626       70         0
                text2                              62E8     62E8       48         0
                text1                              6BA0     6BA0      228         0
                text0                              78FC     78FC      5A2         0
                cinit                              6262     6262       42         0
                idataBANK1                         6053     6053       27         0

        CLASS   CONST          

        CLASS   SMALLCONST     

        CLASS   MEDIUMCONST    
                mediumconst                        7E9E     7E9E      162         0

        CLASS   COMRAM         
                cstackCOMRAM                          1        1       5F         1

        CLASS   ABS1           

        CLASS   BIGRAM         

        CLASS   RAM            

        CLASS   BANK0          
                cstackBANK0                          60       60       90         1
                bssBANK0                             F0       F0        E         1

        CLASS   BANK1          
                dataBANK1                           132      132       27         1
                bssBANK1                            100      100       32         1
                nvBANK1                             159      159        2         1

        CLASS   BANK2          

        CLASS   BANK3          

        CLASS   BANK4          

        CLASS   BANK5          

        CLASS   BANK6          

        CLASS   BANK7          

        CLASS   SFR            

        CLASS   CONFIG         
                config                           300000   300000        E         4

        CLASS   IDLOC          
                idloc                            200000   200000        8         5

        CLASS   EEDATA         

        CLASS   FARRAM         



SEGMENTS        Name                           Load    Length   Top    Selector   Space  Class

                reset_vec                      000000  000004  000004         0       0  CODE    
                cstackCOMRAM                   000001  00005F  000060         1       1  COMRAM  
                cstackBANK0                    000060  00009E  0000FE        60       1  BANK0   
                bssBANK1                       000100  00005B  00015B       100       1  BANK1   
                text18                         005FB2  000002  005FB4      2FD9       0  CODE    
                text29                         005FB4  000012  005FC6      2FDA       0  CODE    
                text36                         005FC6  000014  005FDA      2FE3       0  CODE    
                text31                         005FDA  000014  005FEE      2FED       0  CODE    
                text30                         005FEE  000014  006002      2FF7       0  CODE    
                text24                         006002  000014  006016      3001       0  CODE    
                text39                         006016  00001A  006030      300B       0  CODE    
                text27                         006030  000022  006052      3018       0  CODE    
                idataBANK1                     006053  000027  00607A      6053       0  CODE    
                text26                         00607A  00002E  0060A8      303D       0  CODE    
                text25                         0060A8  00002E  0060D6      3054       0  CODE    
                text35                         0060D6  000030  006106      306B       0  CODE    
                text15                         006106  000036  00613C      3083       0  CODE    
                text11                         00613C  000038  006174      309E       0  CODE    
                text10                         006174  000038  0061AC      30BA       0  CODE    
                text28                         0061AC  00003A  0061E6      30D6       0  CODE    
                text12                         0061E6  00003C  006222      30F3       0  CODE    
                text19                         006222  000040  006262      3111       0  CODE    
                cinit                          006262  000042  0062A4      3131       0  CODE    
                text16                         0062A4  000044  0062E8      3152       0  CODE    
                text2                          0062E8  000048  006330      3174       0  CODE    
                text38                         006330  00004A  00637A      3198       0  CODE    
                text22                         00637A  00004A  0063C4      31BD       0  CODE    
                text37                         0063C4  00004C  006410      31E2       0  CODE    
                text34                         006410  00004C  00645C      3208       0  CODE    
                text5                          00645C  000052  0064AE      322E       0  CODE    
                text23                         0064AE  00005A  006508      3257       0  CODE    
                text33                         006508  00005E  006566      3284       0  CODE    
                text9                          006566  00005E  0065C4      32B3       0  CODE    
                text6                          0065C4  000062  006626      32E2       0  CODE    
                text3                          006626  000070  006696      3313       0  CODE    
                text32                         006696  00008E  006724      334B       0  CODE    
                text14                         006724  0000C6  0067EA      3392       0  CODE    
                text17                         0067EA  0000CA  0068B4      33F5       0  CODE    
                text20                         0068B4  000164  006A18      345A       0  CODE    
                text21                         006A18  000188  006BA0      350C       0  CODE    
                text1                          006BA0  000228  006DC8      35D0       0  CODE    
                text7                          006DC8  00029A  007062      36E4       0  CODE    
                text8                          007062  0002DA  00733C      3831       0  CODE    
                text4                          00733C  0002DC  007618      399E       0  CODE    
                text13                         007618  0002E4  0078FC      3B0C       0  CODE    
                text0                          0078FC  0005A2  007E9E      3C7E       0  CODE    
                mediumconst                    007E9E  000162  008000      3F4F       0  MEDIUMCO


UNUSED ADDRESS RANGES

        Name                Unused          Largest block    Delta
        BANK0            0000FE-0000FF                2
        BANK1            00015B-0001FF               A5
        BANK2            000200-0002FF              100
        BANK3            000300-0003FF              100
        BANK4            000400-0004FF              100
        BANK5            000500-0005FF              100
        BANK6            000600-0006FF              100
        BANK7            000700-0007FF              100
        BIGRAM           0000FE-0000FF                2
                         00015B-0007FF              6A5
        CODE             000004-005FB1             5FAE
                         006052-006052                1
        CONST            000004-005FB1             5FAE
                         006052-006052                1
        EEDATA           F00000-F000FF              100
        MEDIUMCONST      000800-005FB1             57B2
                         006052-006052                1
        RAM              0000FE-0000FF                2
                         00015B-0007FF              100
        SFR              000F60-000FFF               A0
        SMALLCONST       000800-005FB1              100
                         006052-006052                1
        STACK            00015B-0007FF              6A5

                                  Symbol Table

?___aodiv                               cstackCOMRAM 000001
?___aomod                               cstackCOMRAM 000001
?_abs                                   cstackCOMRAM 000013
?_dtoa                                  cstackCOMRAM 00001C
?_isalpha                               cstackCOMRAM 000001
?_islower                               cstackCOMRAM 000001
?_isupper                               cstackCOMRAM 000001
?_pad                                   cstackCOMRAM 000011
?_sprintf                               cstackBANK0  000066
?_strlen                                cstackCOMRAM 000001
?_toupper                               cstackCOMRAM 000007
?_vfpfcnvrt                             cstackCOMRAM 000043
?_vfprintf                              cstackBANK0  000060
?_xtoa                                  cstackCOMRAM 00001C
I2C_Read@buffer                         cstackCOMRAM 000002
I2C_Read@flag                           cstackCOMRAM 000001
I2C_Repeated_Start@slave_read_address   cstackCOMRAM 000002
I2C_Start@slave_write_address           cstackCOMRAM 000002
I2C_Write@data                          cstackCOMRAM 000001
LCD_Char@dat                            cstackCOMRAM 000008
LCD_Command@cmd                         cstackCOMRAM 000008
LCD_String@msg                          cstackCOMRAM 000009
LCD_String_xy@msg                       cstackCOMRAM 00000C
LCD_String_xy@pos                       cstackCOMRAM 00000B
LCD_String_xy@row                       cstackCOMRAM 00000E
MSdelay@i                               cstackCOMRAM 000003
MSdelay@j                               cstackCOMRAM 000005
MSdelay@val                             cstackCOMRAM 000001
RTC_Read_Calendar@read_calendar_address cstackCOMRAM 000004
RTC_Read_Clock@read_clock_address       cstackCOMRAM 000004
Rtc@AM_PM                               cstackBANK0  0000BC
Rtc@F3747                               dataBANK1    000152
Rtc@date                                cstackBANK0  00007F
Rtc@days                                cstackBANK0  000078
Rtc@hours                               cstackBANK0  0000B1
Rtc@mins                                cstackBANK0  0000A7
Rtc@month                               cstackBANK0  000089
Rtc@secs                                cstackBANK0  00009D
Rtc@year                                cstackBANK0  000093
_ACKDT                                  (abs)        007E2D
_ACKEN                                  (abs)        007E2C
_ACKSTAT                                (abs)        007E2E
_Data_read                              bssBANK0     0000FA
_Date                                   bssBANK1     00010E
_Day                                    bssBANK1     000110
_I2C_Ack                                text31       005FDA
_I2C_Init                               text39       006016
_I2C_Nack                               text30       005FEE
_I2C_Read                               text28       0061AC
_I2C_Ready                              text29       005FB4
_I2C_Repeated_Start                     text26       00607A
_I2C_Start                              text25       0060A8
_I2C_Stop                               text24       006002
_I2C_Write                              text27       006030
_LATA0                                  (abs)        007C48
_LATA1                                  (abs)        007C49
_LATA2                                  (abs)        007C4A
_LATC                                   (abs)        000F8B
_LATC0                                  (abs)        007C58
_LATC1                                  (abs)        007C59
_LATD                                   (abs)        000F8C
_LCD_Char                               text34       006410
_LCD_Clear                              text36       005FC6
_LCD_Command                            text37       0063C4
_LCD_Init                               text35       0060D6
_LCD_String                             text33       006508
_LCD_String_xy                          text32       006696
_MSdelay                                text38       006330
_Month                                  bssBANK1     00010C
_OSCCON                                 (abs)        000FD3
_OSCCONbits                             (abs)        000FD3
_PEN                                    (abs)        007E2A
_PORTD                                  (abs)        000F83
_RCEN                                   (abs)        007E2B
_RDPU                                   (abs)        007C27
_RSEN                                   (abs)        007E29
_RTC_Read_Calendar                      text23       0064AE
_RTC_Read_Clock                         text22       00637A
_Rtc                                    text4        00733C
_SSPADD                                 (abs)        000FC8
_SSPBUF                                 (abs)        000FC9
_SSPCON1                                (abs)        000FC6
_SSPCON1bits                            (abs)        000FC6
_SSPCON2                                (abs)        000FC5
_SSPCON2bits                            (abs)        000FC5
_SSPIE                                  (abs)        007CEB
_SSPIF                                  (abs)        007CF3
_SSPSTAT                                (abs)        000FC7
_SSPSTATbits                            (abs)        000FC7
_TRISA                                  (abs)        000F92
_TRISB                                  (abs)        000F93
_TRISB0                                 (abs)        007C98
_TRISB1                                 (abs)        007C99
_TRISC                                  (abs)        000F94
_TRISD                                  (abs)        000F95
_Year                                   bssBANK1     00010A
__HRAM                                  (abs)        000000
__Habs1                                 abs1         000000
__Hbank0                                bank0        000000
__Hbank1                                bank1        000000
__Hbank2                                bank2        000000
__Hbank3                                bank3        000000
__Hbank4                                bank4        000000
__Hbank5                                bank5        000000
__Hbank6                                bank6        000000
__Hbank7                                bank7        000000
__Hbigbss                               bigbss       000000
__Hbigdata                              bigdata      000000
__Hbigram                               bigram       000000
__Hbss                                  bss          000000
__HbssBANK0                             bssBANK0     000000
__HbssBANK1                             bssBANK1     000000
__Hcinit                                cinit        000000
__Hclrtext                              clrtext      000000
__Hcomram                               comram       000000
__Hconfig                               config       30000E
__Hconst                                const        000000
__HcstackBANK0                          cstackBANK0  000000
__HcstackCOMRAM                         cstackCOMRAM 000000
__Hdata                                 data         000000
__HdataBANK1                            dataBANK1    000000
__Heeprom_data                          eeprom_data  000000
__Hfarbss                               farbss       000000
__Hfardata                              fardata      000000
__Hibigdata                             ibigdata     000000
__Hidata                                idata        000000
__HidataBANK1                           idataBANK1   000000
__Hidloc                                idloc        200008
__Hifardata                             ifardata     000000
__Hinit                                 init         000004
__Hintcode                              intcode      000000
__Hintcode_body                         intcode_body 000000
__Hintcodelo                            intcodelo    000000
__Hintentry                             intentry     000000
__Hintret                               intret       000000
__Hintsave_regs                         intsave_regs 000000
__Hirdata                               irdata       000000
__Hmediumconst                          mediumconst  008000
__HnvBANK1                              nvBANK1      000000
__HnvFARRAM                             nvFARRAM     000000
__Hnvbit                                nvbit        000000
__Hnvrram                               nvrram       000000
__Hparam                                rparam       000000
__Hpowerup                              powerup      000000
__Hram                                  ram          000000
__Hramtop                               ramtop       000800
__Hrbit                                 rbit         000000
__Hrbss                                 rbss         000000
__Hrdata                                rdata        000000
__Hreset_vec                            reset_vec    000000
__Hrparam                               rparam       000000
__Hsfr                                  sfr          000000
__Hsmallconst                           smallconst   000000
__Hspace_0                              (abs)        008000
__Hspace_1                              (abs)        00015B
__Hspace_2                              (abs)        000000
__Hspace_4                              (abs)        60000E
__Hstack                                stack        000000
__Hstruct                               struct       000000
__Htemp                                 temp         000000
__Htext                                 text         000000
__Htext0                                text0        000000
__Htext1                                text1        000000
__Htext10                               text10       000000
__Htext11                               text11       000000
__Htext12                               text12       000000
__Htext13                               text13       000000
__Htext14                               text14       000000
__Htext15                               text15       000000
__Htext16                               text16       000000
__Htext17                               text17       000000
__Htext18                               text18       000000
__Htext19                               text19       000000
__Htext2                                text2        000000
__Htext20                               text20       000000
__Htext21                               text21       000000
__Htext22                               text22       000000
__Htext23                               text23       000000
__Htext24                               text24       000000
__Htext25                               text25       000000
__Htext26                               text26       000000
__Htext27                               text27       000000
__Htext28                               text28       000000
__Htext29                               text29       000000
__Htext3                                text3        000000
__Htext30                               text30       000000
__Htext31                               text31       000000
__Htext32                               text32       000000
__Htext33                               text33       000000
__Htext34                               text34       000000
__Htext35                               text35       000000
__Htext36                               text36       000000
__Htext37                               text37       000000
__Htext38                               text38       000000
__Htext39                               text39       000000
__Htext4                                text4        000000
__Htext5                                text5        000000
__Htext6                                text6        000000
__Htext7                                text7        000000
__Htext8                                text8        000000
__Htext9                                text9        000000
__LRAM                                  (abs)        000001
__Labs1                                 abs1         000000
__Lbank0                                bank0        000000
__Lbank1                                bank1        000000
__Lbank2                                bank2        000000
__Lbank3                                bank3        000000
__Lbank4                                bank4        000000
__Lbank5                                bank5        000000
__Lbank6                                bank6        000000
__Lbank7                                bank7        000000
__Lbigbss                               bigbss       000000
__Lbigdata                              bigdata      000000
__Lbigram                               bigram       000000
__Lbss                                  bss          000000
__LbssBANK0                             bssBANK0     000000
__LbssBANK1                             bssBANK1     000000
__Lcinit                                cinit        000000
__Lclrtext                              clrtext      000000
__Lcomram                               comram       000000
__Lconfig                               config       000000
__Lconst                                const        000000
__LcstackBANK0                          cstackBANK0  000000
__LcstackCOMRAM                         cstackCOMRAM 000000
__Ldata                                 data         000000
__LdataBANK1                            dataBANK1    000000
__Leeprom_data                          eeprom_data  000000
__Lfarbss                               farbss       000000
__Lfardata                              fardata      000000
__Libigdata                             ibigdata     000000
__Lidata                                idata        000000
__LidataBANK1                           idataBANK1   000000
__Lidloc                                idloc        000000
__Lifardata                             ifardata     000000
__Linit                                 init         000000
__Lintcode                              intcode      000000
__Lintcode_body                         intcode_body 000000
__Lintcodelo                            intcodelo    000000
__Lintentry                             intentry     000000
__Lintret                               intret       000000
__Lintsave_regs                         intsave_regs 000000
__Lirdata                               irdata       000000
__Lmediumconst                          mediumconst  007E9E
__LnvBANK1                              nvBANK1      000000
__LnvFARRAM                             nvFARRAM     000000
__Lnvbit                                nvbit        000000
__Lnvrram                               nvrram       000000
__Lparam                                rparam       000000
__Lpowerup                              powerup      000000
__Lram                                  ram          000000
__Lramtop                               ramtop       000800
__Lrbit                                 rbit         000000
__Lrbss                                 rbss         000000
__Lrdata                                rdata        000000
__Lreset_vec                            reset_vec    000000
__Lrparam                               rparam       000000
__Lsfr                                  sfr          000000
__Lsmallconst                           smallconst   000000
__Lspace_0                              (abs)        000000
__Lspace_1                              (abs)        000000
__Lspace_2                              (abs)        000000
__Lspace_4                              (abs)        000000
__Lstack                                stack        000000
__Lstruct                               struct       000000
__Ltemp                                 temp         000000
__Ltext                                 text         000000
__Ltext0                                text0        000000
__Ltext1                                text1        000000
__Ltext10                               text10       000000
__Ltext11                               text11       000000
__Ltext12                               text12       000000
__Ltext13                               text13       000000
__Ltext14                               text14       000000
__Ltext15                               text15       000000
__Ltext16                               text16       000000
__Ltext17                               text17       000000
__Ltext18                               text18       000000
__Ltext19                               text19       000000
__Ltext2                                text2        000000
__Ltext20                               text20       000000
__Ltext21                               text21       000000
__Ltext22                               text22       000000
__Ltext23                               text23       000000
__Ltext24                               text24       000000
__Ltext25                               text25       000000
__Ltext26                               text26       000000
__Ltext27                               text27       000000
__Ltext28                               text28       000000
__Ltext29                               text29       000000
__Ltext3                                text3        000000
__Ltext30                               text30       000000
__Ltext31                               text31       000000
__Ltext32                               text32       000000
__Ltext33                               text33       000000
__Ltext34                               text34       000000
__Ltext35                               text35       000000
__Ltext36                               text36       000000
__Ltext37                               text37       000000
__Ltext38                               text38       000000
__Ltext39                               text39       000000
__Ltext4                                text4        000000
__Ltext5                                text5        000000
__Ltext6                                text6        000000
__Ltext7                                text7        000000
__Ltext8                                text8        000000
__Ltext9                                text9        000000
__S0                                    (abs)        008000
__S1                                    (abs)        00015B
__S2                                    (abs)        000000
__S4                                    (abs)        000000
__S5                                    (abs)        000000
___aodiv                                text21       006A18
___aodiv@counter                        cstackCOMRAM 000011
___aodiv@dividend                       cstackCOMRAM 000001
___aodiv@divisor                        cstackCOMRAM 000009
___aodiv@quotient                       cstackCOMRAM 000013
___aodiv@sign                           cstackCOMRAM 000012
___aomod                                text20       0068B4
___aomod@counter                        cstackCOMRAM 000011
___aomod@dividend                       cstackCOMRAM 000001
___aomod@divisor                        cstackCOMRAM 000009
___aomod@sign                           cstackCOMRAM 000012
___inthi_sp                             stack        000000
___intlo_sp                             stack        000000
___param_bank                           (abs)        000000
___rparam_used                          (abs)        000001
___sp                                   stack        000000
__accesstop                             (abs)        000060
__activetblptr                          (abs)        000002
__end_of_I2C_Ack                        text31       005FEE
__end_of_I2C_Init                       text39       006030
__end_of_I2C_Nack                       text30       006002
__end_of_I2C_Read                       text28       0061E6
__end_of_I2C_Ready                      text29       005FC6
__end_of_I2C_Repeated_Start             text26       0060A8
__end_of_I2C_Start                      text25       0060D6
__end_of_I2C_Stop                       text24       006016
__end_of_I2C_Write                      text27       006052
__end_of_LCD_Char                       text34       00645C
__end_of_LCD_Clear                      text36       005FDA
__end_of_LCD_Command                    text37       006410
__end_of_LCD_Init                       text35       006106
__end_of_LCD_String                     text33       006566
__end_of_LCD_String_xy                  text32       006724
__end_of_MSdelay                        text38       00637A
__end_of_RTC_Read_Calendar              text23       006508
__end_of_RTC_Read_Clock                 text22       0063C4
__end_of_Rtc                            text4        007618
__end_of___aodiv                        text21       006BA0
__end_of___aomod                        text20       006A18
__end_of__initialization                cinit        00629A
__end_of_abs                            text19       006262
__end_of_dtoa                           text13       0078FC
__end_of_entregarproducto               text3        006696
__end_of_entregarproductos              text2        006330
__end_of_fputc                          text17       0068B4
__end_of_fputs                          text16       0062E8
__end_of_isalpha                        text12       006222
__end_of_islower                        text10       0061AC
__end_of_isupper                        text11       006174
__end_of_keyfind                        text1        006DC8
__end_of_main                           text0        007E9E
__end_of_pad                            text14       0067EA
__end_of_putch                          text18       005FB4
__end_of_sprintf                        text5        0064AE
__end_of_strlen                         text15       00613C
__end_of_toupper                        text9        0065C4
__end_of_vfpfcnvrt                      text7        007062
__end_of_vfprintf                       text6        006626
__end_of_xtoa                           text8        00733C
__initialization                        cinit        006262
__mediumconst                           mediumconst  007E9E
__pbssBANK0                             bssBANK0     0000F0
__pbssBANK1                             bssBANK1     000100
__pcinit                                cinit        006262
__pcstackBANK0                          cstackBANK0  000060
__pcstackCOMRAM                         cstackCOMRAM 000001
__pdataBANK1                            dataBANK1    000132
__pidataBANK1                           idataBANK1   006053
__pmediumconst                          mediumconst  007E9E
__pnvBANK1                              nvBANK1      000159
__ptext0                                text0        0078FC
__ptext1                                text1        006BA0
__ptext10                               text10       006174
__ptext11                               text11       00613C
__ptext12                               text12       0061E6
__ptext13                               text13       007618
__ptext14                               text14       006724
__ptext15                               text15       006106
__ptext16                               text16       0062A4
__ptext17                               text17       0067EA
__ptext18                               text18       005FB2
__ptext19                               text19       006222
__ptext2                                text2        0062E8
__ptext20                               text20       0068B4
__ptext21                               text21       006A18
__ptext22                               text22       00637A
__ptext23                               text23       0064AE
__ptext24                               text24       006002
__ptext25                               text25       0060A8
__ptext26                               text26       00607A
__ptext27                               text27       006030
__ptext28                               text28       0061AC
__ptext29                               text29       005FB4
__ptext3                                text3        006626
__ptext30                               text30       005FEE
__ptext31                               text31       005FDA
__ptext32                               text32       006696
__ptext33                               text33       006508
__ptext34                               text34       006410
__ptext35                               text35       0060D6
__ptext36                               text36       005FC6
__ptext37                               text37       0063C4
__ptext38                               text38       006330
__ptext39                               text39       006016
__ptext4                                text4        00733C
__ptext5                                text5        00645C
__ptext6                                text6        0065C4
__ptext7                                text7        006DC8
__ptext8                                text8        007062
__ptext9                                text9        006566
__ramtop                                ramtop       000800
__size_of_I2C_Ack                       (abs)        000000
__size_of_I2C_Init                      (abs)        000000
__size_of_I2C_Nack                      (abs)        000000
__size_of_I2C_Read                      (abs)        000000
__size_of_I2C_Ready                     (abs)        000000
__size_of_I2C_Repeated_Start            (abs)        000000
__size_of_I2C_Start                     (abs)        000000
__size_of_I2C_Stop                      (abs)        000000
__size_of_I2C_Write                     (abs)        000000
__size_of_LCD_Char                      (abs)        000000
__size_of_LCD_Clear                     (abs)        000000
__size_of_LCD_Command                   (abs)        000000
__size_of_LCD_Init                      (abs)        000000
__size_of_LCD_String                    (abs)        000000
__size_of_LCD_String_xy                 (abs)        000000
__size_of_MSdelay                       (abs)        000000
__size_of_RTC_Read_Calendar             (abs)        000000
__size_of_RTC_Read_Clock                (abs)        000000
__size_of_Rtc                           (abs)        000000
__size_of___aodiv                       (abs)        000000
__size_of___aomod                       (abs)        000000
__size_of_abs                           (abs)        000000
__size_of_dtoa                          (abs)        000000
__size_of_entregarproducto              (abs)        000000
__size_of_entregarproductos             (abs)        000000
__size_of_fputc                         (abs)        000000
__size_of_fputs                         (abs)        000000
__size_of_isalpha                       (abs)        000000
__size_of_islower                       (abs)        000000
__size_of_isupper                       (abs)        000000
__size_of_keyfind                       (abs)        000000
__size_of_main                          (abs)        000000
__size_of_pad                           (abs)        000000
__size_of_putch                         (abs)        000000
__size_of_sprintf                       (abs)        000000
__size_of_strlen                        (abs)        000000
__size_of_toupper                       (abs)        000000
__size_of_vfpfcnvrt                     (abs)        000000
__size_of_vfprintf                      (abs)        000000
__size_of_xtoa                          (abs)        000000
__smallconst                            smallconst   000000
_abs                                    text19       006222
_col_loc                                bssBANK0     0000FD
_dbuf                                   bssBANK1     000112
_dtoa                                   text13       007618
_dtoa$1177                              cstackCOMRAM 00002E
_entregarproducto                       text3        006626
_entregarproductos                      text2        0062E8
_flags                                  bssBANK0     0000F2
_fputc                                  text17       0067EA
_fputs                                  text16       0062A4
_hour                                   bssBANK0     0000F4
_isalpha                                text12       0061E6
_islower                                text10       006174
_isupper                                text11       00613C
_keyfind                                text1        006BA0
_keypad                                 dataBANK1    000132
_main                                   text0        0078FC
_min                                    bssBANK0     0000F6
_nout                                   bssBANK1     000106
_pad                                    text14       006724
_prec                                   bssBANK0     0000F0
_putch                                  text18       005FB2
_rowloc                                 bssBANK0     0000FC
_saldo                                  nvBANK1      000159
_sec                                    bssBANK0     0000F8
_sprintf                                text5        00645C
_strlen                                 text15       006106
_temp_col                               bssBANK0     0000FB
_toupper                                text9        006566
_toupper$1273                           cstackCOMRAM 00000D
_v_proentregar                          bssBANK1     000100
_vfpfcnvrt                              text7        006DC8
_vfprintf                               text6        0065C4
_width                                  bssBANK1     000108
_xtoa                                   text8        007062
_xtoa$1188                              cstackCOMRAM 00002F
_xtoa$1189                              cstackCOMRAM 000031
abs@a                                   cstackCOMRAM 000013
dtoa@d                                  cstackCOMRAM 00001E
dtoa@fp                                 cstackCOMRAM 00001C
dtoa@i                                  cstackCOMRAM 00003E
dtoa@n                                  cstackCOMRAM 000036
dtoa@p                                  cstackCOMRAM 000030
dtoa@s                                  cstackCOMRAM 000034
dtoa@w                                  cstackCOMRAM 000032
end_of_initialization                   cinit        00629A
entregarproducto@a                      cstackCOMRAM 000007
entregarproductos@i                     cstackCOMRAM 000009
fputc@c                                 cstackCOMRAM 000001
fputc@fp                                cstackCOMRAM 000003
fputs@c                                 cstackCOMRAM 00000E
fputs@fp                                cstackCOMRAM 00000C
fputs@i                                 cstackCOMRAM 00000F
fputs@s                                 cstackCOMRAM 00000A
intlevel0                               text         000000
intlevel1                               text         000000
intlevel2                               text         000000
intlevel3                               text         000000
isalpha@c                               cstackCOMRAM 000001
islower@c                               cstackCOMRAM 000001
isupper@c                               cstackCOMRAM 000001
main@F3720                              dataBANK1    00014A
main@F3722                              dataBANK1    000142
main@a                                  cstackBANK0  0000DB
main@a1                                 cstackBANK0  0000DD
main@a1_401                             cstackBANK0  0000DF
main@c                                  cstackBANK0  0000C0
main@c1                                 cstackBANK0  0000C6
main@c1_402                             cstackBANK0  0000CC
main@compra                             cstackBANK0  0000EC
main@i                                  cstackBANK0  0000EE
main@key                                cstackBANK0  0000EB
main@v_prodisponibles                   cstackBANK0  0000E3
main@v_proprecios                       cstackBANK0  0000D3
main@z                                  cstackBANK0  0000E1
pad@buf                                 cstackCOMRAM 000013
pad@fp                                  cstackCOMRAM 000011
pad@i                                   cstackCOMRAM 000018
pad@p                                   cstackCOMRAM 000015
pad@w                                   cstackCOMRAM 00001A
sprintf@ap                              cstackBANK0  00006E
sprintf@f                               cstackBANK0  000070
sprintf@fmt                             cstackBANK0  000068
sprintf@s                               cstackBANK0  000066
stackhi                                 (abs)        0007FF
stacklo                                 (abs)        00015B
start                                   init         000000
start_initialization                    cinit        006262
strlen@a                                cstackCOMRAM 000003
strlen@s                                cstackCOMRAM 000001
toupper@c                               cstackCOMRAM 000007
vfpfcnvrt@ap                            cstackCOMRAM 000047
vfpfcnvrt@c                             cstackCOMRAM 00005D
vfpfcnvrt@fmt                           cstackCOMRAM 000045
vfpfcnvrt@fp                            cstackCOMRAM 000043
vfpfcnvrt@ll                            cstackCOMRAM 00004D
vfpfcnvrt@llu                           cstackCOMRAM 000055
vfprintf@ap                             cstackBANK0  000064
vfprintf@cfmt                           cstackCOMRAM 00005E
vfprintf@fmt                            cstackBANK0  000062
vfprintf@fp                             cstackBANK0  000060
xtoa@c                                  cstackCOMRAM 000041
xtoa@d                                  cstackCOMRAM 00001E
xtoa@fp                                 cstackCOMRAM 00001C
xtoa@i                                  cstackCOMRAM 00003F
xtoa@n                                  cstackCOMRAM 000037
xtoa@p                                  cstackCOMRAM 000033
xtoa@w                                  cstackCOMRAM 000035
xtoa@x                                  cstackCOMRAM 000026


FUNCTION INFORMATION:

 *************** function _main *****************
 Defined at:
		line 59 in file "Vending_Machine.c"
 Parameters:    Size  Location     Type
		None
 Auto vars:     Size  Location     Type
  c1              6  108[BANK0 ] unsigned char [6]
  a1              2  127[BANK0 ] int 
  c1              6  102[BANK0 ] unsigned char [6]
  a1              2  125[BANK0 ] int 
  z               2  129[BANK0 ] int 
  c               6   96[BANK0 ] unsigned char [6]
  i               2  142[BANK0 ] int 
  compra          2  140[BANK0 ] int 
  a               2  123[BANK0 ] int 
  v_prodisponi    8  131[BANK0 ] int [4]
  v_proprecios    8  115[BANK0 ] int [4]
  p               2    0        int 
  x               2    0        int 
  key             1  139[BANK0 ] unsigned char 
  op              1    0        unsigned char 
 Return value:  Size  Location     Type
                  1    wreg      void 
 Registers used:
		wreg, fsr0l, fsr0h, fsr1l, fsr1h, fsr2l, fsr2h, status,2, status,0, tblptrl, tblptrh, tblptru, prodl, prodh, cstack
 Tracked objects:
		On entry : 
		On exit  : 
		Unchanged: 
 Data sizes:     COMRAM   BANK0   BANK1   BANK2   BANK3   BANK4   BANK5   BANK6   BANK7
      Params:         0       0       0       0       0       0       0       0       0
      Locals:         0      52       0       0       0       0       0       0       0
      Temps:          0       1       0       0       0       0       0       0       0
      Totals:         0      53       0       0       0       0       0       0       0
Total ram usage:       53 bytes
 Hardware stack levels required when called:    9
 This function calls:
		_I2C_Init
		_LCD_Clear
		_LCD_Init
		_LCD_String
		_LCD_String_xy
		_MSdelay
		_Rtc
		_entregarproductos
		_keyfind
		_sprintf
 This function is called by:
		Startup code after reset
 This function uses a non-reentrant model


 *************** function _keyfind *****************
 Defined at:
		line 27 in file "4x4_Keypad.c"
 Parameters:    Size  Location     Type
		None
 Auto vars:     Size  Location     Type
		None
 Return value:  Size  Location     Type
                  1    wreg      unsigned char 
 Registers used:
		wreg, fsr2l, fsr2h, status,2, status,0, prodl, prodh, cstack
 Tracked objects:
		On entry : 
		On exit  : 
		Unchanged: 
 Data sizes:     COMRAM   BANK0   BANK1   BANK2   BANK3   BANK4   BANK5   BANK6   BANK7
      Params:         0       0       0       0       0       0       0       0       0
      Locals:         0       0       0       0       0       0       0       0       0
      Temps:          0       0       0       0       0       0       0       0       0
      Totals:         0       0       0       0       0       0       0       0       0
Total ram usage:        0 bytes
 Hardware stack levels used:    1
 Hardware stack levels required when called:    1
 This function calls:
		_MSdelay
 This function is called by:
		_main
 This function uses a non-reentrant model


 *************** function _entregarproductos *****************
 Defined at:
		line 329 in file "Vending_Machine.c"
 Parameters:    Size  Location     Type
		None
 Auto vars:     Size  Location     Type
  i               2    8[COMRAM] int 
 Return value:  Size  Location     Type
                  1    wreg      void 
 Registers used:
		wreg, fsr2l, fsr2h, status,2, status,0, cstack
 Tracked objects:
		On entry : 
		On exit  : 
		Unchanged: 
 Data sizes:     COMRAM   BANK0   BANK1   BANK2   BANK3   BANK4   BANK5   BANK6   BANK7
      Params:         0       0       0       0       0       0       0       0       0
      Locals:         2       0       0       0       0       0       0       0       0
      Temps:          0       0       0       0       0       0       0       0       0
      Totals:         2       0       0       0       0       0       0       0       0
Total ram usage:        2 bytes
 Hardware stack levels used:    1
 Hardware stack levels required when called:    2
 This function calls:
		_entregarproducto
 This function is called by:
		_main
 This function uses a non-reentrant model


 *************** function _entregarproducto *****************
 Defined at:
		line 334 in file "Vending_Machine.c"
 Parameters:    Size  Location     Type
  a               2    6[COMRAM] int 
 Auto vars:     Size  Location     Type
		None
 Return value:  Size  Location     Type
                  1    wreg      void 
 Registers used:
		wreg, status,2, status,0, cstack
 Tracked objects:
		On entry : 
		On exit  : 
		Unchanged: 
 Data sizes:     COMRAM   BANK0   BANK1   BANK2   BANK3   BANK4   BANK5   BANK6   BANK7
      Params:         2       0       0       0       0       0       0       0       0
      Locals:         0       0       0       0       0       0       0       0       0
      Temps:          0       0       0       0       0       0       0       0       0
      Totals:         2       0       0       0       0       0       0       0       0
Total ram usage:        2 bytes
 Hardware stack levels used:    1
 Hardware stack levels required when called:    1
 This function calls:
		_MSdelay
 This function is called by:
		_entregarproductos
 This function uses a non-reentrant model


 *************** function _Rtc *****************
 Defined at:
		line 248 in file "Vending_Machine.c"
 Parameters:    Size  Location     Type
		None
 Auto vars:     Size  Location     Type
  hours          10   81[BANK0 ] unsigned char [10]
  mins           10   71[BANK0 ] unsigned char [10]
  secs           10   61[BANK0 ] unsigned char [10]
  year           10   51[BANK0 ] unsigned char [10]
  month          10   41[BANK0 ] unsigned char [10]
  date           10   31[BANK0 ] unsigned char [10]
  days            7   24[BANK0 ] unsigned char [7]
  AM_PM           1   92[BANK0 ] unsigned char 
  Clock_type      1    0        unsigned char 
 Return value:  Size  Location     Type
                  1    wreg      void 
 Registers used:
		wreg, fsr0l, fsr0h, fsr1l, fsr1h, fsr2l, fsr2h, status,2, status,0, tblptrl, tblptrh, tblptru, cstack
 Tracked objects:
		On entry : 
		On exit  : 
		Unchanged: 
 Data sizes:     COMRAM   BANK0   BANK1   BANK2   BANK3   BANK4   BANK5   BANK6   BANK7
      Params:         0       0       0       0       0       0       0       0       0
      Locals:         0      69       0       0       0       0       0       0       0
      Temps:          0       2       0       0       0       0       0       0       0
      Totals:         0      71       0       0       0       0       0       0       0
Total ram usage:       71 bytes
 Hardware stack levels used:    1
 Hardware stack levels required when called:    8
 This function calls:
		_I2C_Stop
		_LCD_String
		_LCD_String_xy
		_RTC_Read_Calendar
		_RTC_Read_Clock
		_sprintf
 This function is called by:
		_main
 This function uses a non-reentrant model


 *************** function _sprintf *****************
 Defined at:
		line 9 in file "D:\Program Files\Microchip\xc8\v2.31\pic\sources\c99\common\nf_sprintf.c"
 Parameters:    Size  Location     Type
  s               2    6[BANK0 ] PTR unsigned char 
		 -> Rtc@year(10), Rtc@month(10), Rtc@date(10), Rtc@hours(10), 
		 -> Rtc@mins(10), Rtc@secs(10), main@c1_402(6), main@c1(6), 
		 -> main@c(6), 
  fmt             2    8[BANK0 ] PTR const unsigned char 
		 -> STR_37(4), STR_36(4), STR_35(10), STR_34(9), 
		 -> STR_33(3), STR_32(4), STR_31(9), STR_30(4), 
		 -> STR_29(4), STR_24(3), STR_22(3), STR_19(3), 
 Auto vars:     Size  Location     Type
  f               6   16[BANK0 ] struct _IO_FILE
  ap              2   14[BANK0 ] PTR void [1]
		 -> ?_sprintf(2), 
  ret             2    0        int 
 Return value:  Size  Location     Type
                  2    6[BANK0 ] int 
 Registers used:
		wreg, fsr1l, fsr1h, fsr2l, fsr2h, status,2, status,0, tblptrl, tblptrh, tblptru, cstack
 Tracked objects:
		On entry : 
		On exit  : 
		Unchanged: 
 Data sizes:     COMRAM   BANK0   BANK1   BANK2   BANK3   BANK4   BANK5   BANK6   BANK7
      Params:         0       6       0       0       0       0       0       0       0
      Locals:         0      10       0       0       0       0       0       0       0
      Temps:          0       0       0       0       0       0       0       0       0
      Totals:         0      16       0       0       0       0       0       0       0
Total ram usage:       16 bytes
 Hardware stack levels used:    1
 Hardware stack levels required when called:    7
 This function calls:
		_vfprintf
 This function is called by:
		_main
		_Rtc
 This function uses a non-reentrant model


 *************** function _vfprintf *****************
 Defined at:
		line 1390 in file "D:\Program Files\Microchip\xc8\v2.31\pic\sources\c99\common\doprnt.c"
 Parameters:    Size  Location     Type
  fp              2    0[BANK0 ] PTR struct _IO_FILE
		 -> sprintf@f(6), 
  fmt             2    2[BANK0 ] PTR const unsigned char 
		 -> STR_37(4), STR_36(4), STR_35(10), STR_34(9), 
		 -> STR_33(3), STR_32(4), STR_31(9), STR_30(4), 
		 -> STR_29(4), STR_24(3), STR_22(3), STR_19(3), 
  ap              2    4[BANK0 ] PTR PTR void 
		 -> sprintf@ap(2), 
 Auto vars:     Size  Location     Type
  cfmt            2   93[COMRAM] PTR unsigned char 
		 -> STR_37(4), STR_36(4), STR_35(10), STR_34(9), 
		 -> STR_33(3), STR_32(4), STR_31(9), STR_30(4), 
		 -> STR_29(4), STR_24(3), STR_22(3), STR_19(3), 
 Return value:  Size  Location     Type
                  2    0[BANK0 ] int 
 Registers used:
		wreg, fsr1l, fsr1h, fsr2l, fsr2h, status,2, status,0, tblptrl, tblptrh, tblptru, cstack
 Tracked objects:
		On entry : 
		On exit  : 
		Unchanged: 
 Data sizes:     COMRAM   BANK0   BANK1   BANK2   BANK3   BANK4   BANK5   BANK6   BANK7
      Params:         0       6       0       0       0       0       0       0       0
      Locals:         2       0       0       0       0       0       0       0       0
      Temps:          0       0       0       0       0       0       0       0       0
      Totals:         2       6       0       0       0       0       0       0       0
Total ram usage:        8 bytes
 Hardware stack levels used:    1
 Hardware stack levels required when called:    6
 This function calls:
		_vfpfcnvrt
 This function is called by:
		_sprintf
 This function uses a non-reentrant model


 *************** function _vfpfcnvrt *****************
 Defined at:
		line 692 in file "D:\Program Files\Microchip\xc8\v2.31\pic\sources\c99\common\doprnt.c"
 Parameters:    Size  Location     Type
  fp              2   66[COMRAM] PTR struct _IO_FILE
		 -> sprintf@f(6), 
  fmt             2   68[COMRAM] PTR PTR unsigned char 
		 -> vfprintf@cfmt(2), 
  ap              2   70[COMRAM] PTR PTR void 
		 -> sprintf@ap(2), 
 Auto vars:     Size  Location     Type
  llu             8   84[COMRAM] unsigned long long 
  ll              8   76[COMRAM] long long 
  f               4    0        long long 
  vp              3    0        PTR void 
  ct              3    0        unsigned char [3]
  cp              3    0        PTR unsigned char 
  i               2    0        int 
  done            2    0        int 
  c               1   92[COMRAM] unsigned char 
 Return value:  Size  Location     Type
                  2   66[COMRAM] int 
 Registers used:
		wreg, fsr1l, fsr1h, fsr2l, fsr2h, status,2, status,0, tblptrl, tblptrh, tblptru, cstack
 Tracked objects:
		On entry : 
		On exit  : 
		Unchanged: 
 Data sizes:     COMRAM   BANK0   BANK1   BANK2   BANK3   BANK4   BANK5   BANK6   BANK7
      Params:         6       0       0       0       0       0       0       0       0
      Locals:        17       0       0       0       0       0       0       0       0
      Temps:          4       0       0       0       0       0       0       0       0
      Totals:        27       0       0       0       0       0       0       0       0
Total ram usage:       27 bytes
 Hardware stack levels used:    1
 Hardware stack levels required when called:    5
 This function calls:
		_dtoa
		_fputc
		_xtoa
 This function is called by:
		_vfprintf
 This function uses a non-reentrant model


 *************** function _xtoa *****************
 Defined at:
		line 645 in file "D:\Program Files\Microchip\xc8\v2.31\pic\sources\c99\common\doprnt.c"
 Parameters:    Size  Location     Type
  fp              2   27[COMRAM] PTR struct _IO_FILE
		 -> sprintf@f(6), 
  d               8   29[COMRAM] unsigned long long 
  x               1   37[COMRAM] unsigned char 
 Auto vars:     Size  Location     Type
  n               8   54[COMRAM] unsigned long long 
  c               2   64[COMRAM] int 
  i               2   62[COMRAM] int 
  w               2   52[COMRAM] int 
  p               2   50[COMRAM] int 
 Return value:  Size  Location     Type
                  2   27[COMRAM] int 
 Registers used:
		wreg, fsr1l, fsr1h, fsr2l, fsr2h, status,2, status,0, cstack
 Tracked objects:
		On entry : 
		On exit  : 
		Unchanged: 
 Data sizes:     COMRAM   BANK0   BANK1   BANK2   BANK3   BANK4   BANK5   BANK6   BANK7
      Params:        11       0       0       0       0       0       0       0       0
      Locals:        20       0       0       0       0       0       0       0       0
      Temps:          8       0       0       0       0       0       0       0       0
      Totals:        39       0       0       0       0       0       0       0       0
Total ram usage:       39 bytes
 Hardware stack levels used:    1
 Hardware stack levels required when called:    4
 This function calls:
		_isalpha
		_isupper
		_pad
		_toupper
 This function is called by:
		_vfpfcnvrt
 This function uses a non-reentrant model


 *************** function _toupper *****************
 Defined at:
		line 4 in file "D:\Program Files\Microchip\xc8\v2.31\pic\sources\c99\common\toupper.c"
 Parameters:    Size  Location     Type
  c               2    6[COMRAM] int 
 Auto vars:     Size  Location     Type
		None
 Return value:  Size  Location     Type
                  2    6[COMRAM] int 
 Registers used:
		wreg, status,2, status,0
 Tracked objects:
		On entry : 
		On exit  : 
		Unchanged: 
 Data sizes:     COMRAM   BANK0   BANK1   BANK2   BANK3   BANK4   BANK5   BANK6   BANK7
      Params:         2       0       0       0       0       0       0       0       0
      Locals:         2       0       0       0       0       0       0       0       0
      Temps:          4       0       0       0       0       0       0       0       0
      Totals:         8       0       0       0       0       0       0       0       0
Total ram usage:        8 bytes
 Hardware stack levels used:    1
 Hardware stack levels required when called:    1
 This function calls:
		_islower
 This function is called by:
		_xtoa
 This function uses a non-reentrant model


 *************** function _islower *****************
 Defined at:
		line 5 in file "D:\Program Files\Microchip\xc8\v2.31\pic\sources\c99\common\islower.c"
 Parameters:    Size  Location     Type
  c               2    0[COMRAM] int 
 Auto vars:     Size  Location     Type
		None
 Return value:  Size  Location     Type
                  2    0[COMRAM] int 
 Registers used:
		wreg, status,2, status,0
 Tracked objects:
		On entry : 
		On exit  : 
		Unchanged: 
 Data sizes:     COMRAM   BANK0   BANK1   BANK2   BANK3   BANK4   BANK5   BANK6   BANK7
      Params:         2       0       0       0       0       0       0       0       0
      Locals:         0       0       0       0       0       0       0       0       0
      Temps:          4       0       0       0       0       0       0       0       0
      Totals:         6       0       0       0       0       0       0       0       0
Total ram usage:        6 bytes
 Hardware stack levels used:    1
 This function calls:
		Nothing
 This function is called by:
		_toupper
 This function uses a non-reentrant model


 *************** function _isupper *****************
 Defined at:
		line 5 in file "D:\Program Files\Microchip\xc8\v2.31\pic\sources\c99\common\isupper.c"
 Parameters:    Size  Location     Type
  c               2    0[COMRAM] int 
 Auto vars:     Size  Location     Type
		None
 Return value:  Size  Location     Type
                  2    0[COMRAM] int 
 Registers used:
		wreg, status,2, status,0
 Tracked objects:
		On entry : 
		On exit  : 
		Unchanged: 
 Data sizes:     COMRAM   BANK0   BANK1   BANK2   BANK3   BANK4   BANK5   BANK6   BANK7
      Params:         2       0       0       0       0       0       0       0       0
      Locals:         0       0       0       0       0       0       0       0       0
      Temps:          4       0       0       0       0       0       0       0       0
      Totals:         6       0       0       0       0       0       0       0       0
Total ram usage:        6 bytes
 Hardware stack levels used:    1
 This function calls:
		Nothing
 This function is called by:
		_xtoa
 This function uses a non-reentrant model


 *************** function _isalpha *****************
 Defined at:
		line 5 in file "D:\Program Files\Microchip\xc8\v2.31\pic\sources\c99\common\isalpha.c"
 Parameters:    Size  Location     Type
  c               2    0[COMRAM] int 
 Auto vars:     Size  Location     Type
		None
 Return value:  Size  Location     Type
                  2    0[COMRAM] int 
 Registers used:
		wreg, status,2, status,0
 Tracked objects:
		On entry : 
		On exit  : 
		Unchanged: 
 Data sizes:     COMRAM   BANK0   BANK1   BANK2   BANK3   BANK4   BANK5   BANK6   BANK7
      Params:         2       0       0       0       0       0       0       0       0
      Locals:         0       0       0       0       0       0       0       0       0
      Temps:          4       0       0       0       0       0       0       0       0
      Totals:         6       0       0       0       0       0       0       0       0
Total ram usage:        6 bytes
 Hardware stack levels used:    1
 This function calls:
		Nothing
 This function is called by:
		_xtoa
 This function uses a non-reentrant model


 *************** function _dtoa *****************
 Defined at:
		line 287 in file "D:\Program Files\Microchip\xc8\v2.31\pic\sources\c99\common\doprnt.c"
 Parameters:    Size  Location     Type
  fp              2   27[COMRAM] PTR struct _IO_FILE
		 -> sprintf@f(6), 
  d               8   29[COMRAM] long long 
 Auto vars:     Size  Location     Type
  n               8   53[COMRAM] long long 
  i               2   61[COMRAM] int 
  s               2   51[COMRAM] int 
  w               2   49[COMRAM] int 
  p               2   47[COMRAM] int 
 Return value:  Size  Location     Type
                  2   27[COMRAM] int 
 Registers used:
		wreg, fsr1l, fsr1h, fsr2l, fsr2h, status,2, status,0, cstack
 Tracked objects:
		On entry : 
		On exit  : 
		Unchanged: 
 Data sizes:     COMRAM   BANK0   BANK1   BANK2   BANK3   BANK4   BANK5   BANK6   BANK7
      Params:        10       0       0       0       0       0       0       0       0
      Locals:        18       0       0       0       0       0       0       0       0
      Temps:          8       0       0       0       0       0       0       0       0
      Totals:        36       0       0       0       0       0       0       0       0
Total ram usage:       36 bytes
 Hardware stack levels used:    1
 Hardware stack levels required when called:    4
 This function calls:
		___aodiv
		___aomod
		_abs
		_pad
 This function is called by:
		_vfpfcnvrt
 This function uses a non-reentrant model


 *************** function _pad *****************
 Defined at:
		line 72 in file "D:\Program Files\Microchip\xc8\v2.31\pic\sources\c99\common\doprnt.c"
 Parameters:    Size  Location     Type
  fp              2   16[COMRAM] PTR struct _IO_FILE
		 -> sprintf@f(6), 
  buf             2   18[COMRAM] PTR unsigned char 
		 -> dbuf(32), 
  p               2   20[COMRAM] int 
 Auto vars:     Size  Location     Type
  w               2   25[COMRAM] int 
  i               2   23[COMRAM] int 
 Return value:  Size  Location     Type
                  2   16[COMRAM] int 
 Registers used:
		wreg, fsr1l, fsr1h, fsr2l, fsr2h, status,2, status,0, cstack
 Tracked objects:
		On entry : 
		On exit  : 
		Unchanged: 
 Data sizes:     COMRAM   BANK0   BANK1   BANK2   BANK3   BANK4   BANK5   BANK6   BANK7
      Params:         6       0       0       0       0       0       0       0       0
      Locals:         4       0       0       0       0       0       0       0       0
      Temps:          1       0       0       0       0       0       0       0       0
      Totals:        11       0       0       0       0       0       0       0       0
Total ram usage:       11 bytes
 Hardware stack levels used:    1
 Hardware stack levels required when called:    3
 This function calls:
		_fputc
		_fputs
		_strlen
 This function is called by:
		_dtoa
		_xtoa
 This function uses a non-reentrant model


 *************** function _strlen *****************
 Defined at:
		line 5 in file "D:\Program Files\Microchip\xc8\v2.31\pic\sources\c99\common\strlen.c"
 Parameters:    Size  Location     Type
  s               2    0[COMRAM] PTR const unsigned char 
		 -> dbuf(32), 
 Auto vars:     Size  Location     Type
  a               2    2[COMRAM] PTR const unsigned char 
		 -> dbuf(32), 
 Return value:  Size  Location     Type
                  2    0[COMRAM] unsigned int 
 Registers used:
		wreg, fsr2l, fsr2h, status,2, status,0
 Tracked objects:
		On entry : 
		On exit  : 
		Unchanged: 
 Data sizes:     COMRAM   BANK0   BANK1   BANK2   BANK3   BANK4   BANK5   BANK6   BANK7
      Params:         2       0       0       0       0       0       0       0       0
      Locals:         2       0       0       0       0       0       0       0       0
      Temps:          0       0       0       0       0       0       0       0       0
      Totals:         4       0       0       0       0       0       0       0       0
Total ram usage:        4 bytes
 Hardware stack levels used:    1
 This function calls:
		Nothing
 This function is called by:
		_pad
 This function uses a non-reentrant model


 *************** function _fputs *****************
 Defined at:
		line 8 in file "D:\Program Files\Microchip\xc8\v2.31\pic\sources\c99\common\nf_fputs.c"
 Parameters:    Size  Location     Type
  s               2    9[COMRAM] PTR const unsigned char 
		 -> dbuf(32), 
  fp              2   11[COMRAM] PTR struct _IO_FILE
		 -> sprintf@f(6), 
 Auto vars:     Size  Location     Type
  i               2   14[COMRAM] int 
  c               1   13[COMRAM] unsigned char 
 Return value:  Size  Location     Type
                  2    9[COMRAM] int 
 Registers used:
		wreg, fsr1l, fsr1h, fsr2l, fsr2h, status,2, status,0, cstack
 Tracked objects:
		On entry : 
		On exit  : 
		Unchanged: 
 Data sizes:     COMRAM   BANK0   BANK1   BANK2   BANK3   BANK4   BANK5   BANK6   BANK7
      Params:         4       0       0       0       0       0       0       0       0
      Locals:         3       0       0       0       0       0       0       0       0
      Temps:          0       0       0       0       0       0       0       0       0
      Totals:         7       0       0       0       0       0       0       0       0
Total ram usage:        7 bytes
 Hardware stack levels used:    1
 Hardware stack levels required when called:    2
 This function calls:
		_fputc
 This function is called by:
		_pad
 This function uses a non-reentrant model


 *************** function _fputc *****************
 Defined at:
		line 8 in file "D:\Program Files\Microchip\xc8\v2.31\pic\sources\c99\common\nf_fputc.c"
 Parameters:    Size  Location     Type
  c               2    0[COMRAM] int 
  fp              2    2[COMRAM] PTR struct _IO_FILE
		 -> sprintf@f(6), 
 Auto vars:     Size  Location     Type
		None
 Return value:  Size  Location     Type
                  2    0[COMRAM] int 
 Registers used:
		wreg, fsr1l, fsr1h, fsr2l, fsr2h, status,2, status,0, cstack
 Tracked objects:
		On entry : 
		On exit  : 
		Unchanged: 
 Data sizes:     COMRAM   BANK0   BANK1   BANK2   BANK3   BANK4   BANK5   BANK6   BANK7
      Params:         4       0       0       0       0       0       0       0       0
      Locals:         0       0       0       0       0       0       0       0       0
      Temps:          5       0       0       0       0       0       0       0       0
      Totals:         9       0       0       0       0       0       0       0       0
Total ram usage:        9 bytes
 Hardware stack levels used:    1
 Hardware stack levels required when called:    1
 This function calls:
		_putch
 This function is called by:
		_pad
		_vfpfcnvrt
		_fputs
 This function uses a non-reentrant model


 *************** function _putch *****************
 Defined at:
		line 7 in file "D:\Program Files\Microchip\xc8\v2.31\pic\sources\c99\common\putch.c"
 Parameters:    Size  Location     Type
  c               1    wreg     unsigned char 
 Auto vars:     Size  Location     Type
  c               1    0[COMRAM] unsigned char 
 Return value:  Size  Location     Type
                  1    wreg      void 
 Registers used:
		wreg
 Tracked objects:
		On entry : 
		On exit  : 
		Unchanged: 
 Data sizes:     COMRAM   BANK0   BANK1   BANK2   BANK3   BANK4   BANK5   BANK6   BANK7
      Params:         0       0       0       0       0       0       0       0       0
      Locals:         0       0       0       0       0       0       0       0       0
      Temps:          0       0       0       0       0       0       0       0       0
      Totals:         0       0       0       0       0       0       0       0       0
Total ram usage:        0 bytes
 Hardware stack levels used:    1
 This function calls:
		Nothing
 This function is called by:
		_fputc
 This function uses a non-reentrant model


 *************** function _abs *****************
 Defined at:
		line 1 in file "D:\Program Files\Microchip\xc8\v2.31\pic\sources\c99\common\abs.c"
 Parameters:    Size  Location     Type
  a               2   18[COMRAM] int 
 Auto vars:     Size  Location     Type
		None
 Return value:  Size  Location     Type
[...]
  data            1    0[COMRAM] unsigned char 
 Return value:  Size  Location     Type
                  1    wreg      unsigned char 
 Registers used:
		wreg, cstack
 Tracked objects:
		On entry : 
		On exit  : 
		Unchanged: 
 Data sizes:     COMRAM   BANK0   BANK1   BANK2   BANK3   BANK4   BANK5   BANK6   BANK7
      Params:         0       0       0       0       0       0       0       0       0
      Locals:         1       0       0       0       0       0       0       0       0
      Temps:          0       0       0       0       0       0       0       0       0
      Totals:         1       0       0       0       0       0       0       0       0
Total ram usage:        1 bytes
 Hardware stack levels used:    1
 Hardware stack levels required when called:    1
 This function calls:
		_I2C_Ready
 This function is called by:
		_RTC_Read_Clock
		_RTC_Read_Calendar
		_I2C_Start
		_I2C_Repeated_Start
		_I2C_Start_Wait
 This function uses a non-reentrant model


 *************** function _I2C_Read *****************
 Defined at:
		line 12 in file "I2C.c"
 Parameters:    Size  Location     Type
  flag            1    wreg     unsigned char 
 Auto vars:     Size  Location     Type
  flag            1    0[COMRAM] unsigned char 
  buffer          1    1[COMRAM] unsigned char 
 Return value:  Size  Location     Type
                  1    wreg      unsigned char 
 Registers used:
		wreg, status,2, cstack
 Tracked objects:
		On entry : 
		On exit  : 
		Unchanged: 
 Data sizes:     COMRAM   BANK0   BANK1   BANK2   BANK3   BANK4   BANK5   BANK6   BANK7
      Params:         0       0       0       0       0       0       0       0       0
      Locals:         2       0       0       0       0       0       0       0       0
      Temps:          0       0       0       0       0       0       0       0       0
      Totals:         2       0       0       0       0       0       0       0       0
Total ram usage:        2 bytes
 Hardware stack levels used:    1
 Hardware stack levels required when called:    1
 This function calls:
		_I2C_Ack
		_I2C_Nack
		_I2C_Ready
 This function is called by:
		_RTC_Read_Clock
		_RTC_Read_Calendar
 This function uses a non-reentrant model


 *************** function _I2C_Ready *****************
 Defined at:
		line 43 in file "I2C.c"
 Parameters:    Size  Location     Type
		None
 Auto vars:     Size  Location     Type
		None
 Return value:  Size  Location     Type
                  1    wreg      void 
 Registers used:
		None
 Tracked objects:
		On entry : 
		On exit  : 
		Unchanged: 
 Data sizes:     COMRAM   BANK0   BANK1   BANK2   BANK3   BANK4   BANK5   BANK6   BANK7
      Params:         0       0       0       0       0       0       0       0       0
      Locals:         0       0       0       0       0       0       0       0       0
      Temps:          0       0       0       0       0       0       0       0       0
      Totals:         0       0       0       0       0       0       0       0       0
Total ram usage:        0 bytes
 Hardware stack levels used:    1
 This function calls:
		Nothing
 This function is called by:
		_I2C_Read
		_I2C_Write
 This function uses a non-reentrant model


 *************** function _I2C_Nack *****************
 Defined at:
		line 118 in file "I2C.c"
 Parameters:    Size  Location     Type
		None
 Auto vars:     Size  Location     Type
		None
 Return value:  Size  Location     Type
                  1    wreg      void 
 Registers used:
		None
 Tracked objects:
		On entry : 
		On exit  : 
		Unchanged: 
 Data sizes:     COMRAM   BANK0   BANK1   BANK2   BANK3   BANK4   BANK5   BANK6   BANK7
      Params:         0       0       0       0       0       0       0       0       0
      Locals:         0       0       0       0       0       0       0       0       0
      Temps:          0       0       0       0       0       0       0       0       0
      Totals:         0       0       0       0       0       0       0       0       0
Total ram usage:        0 bytes
 Hardware stack levels used:    1
 This function calls:
		Nothing
 This function is called by:
		_I2C_Read
 This function uses a non-reentrant model


 *************** function _I2C_Ack *****************
 Defined at:
		line 111 in file "I2C.c"
 Parameters:    Size  Location     Type
		None
 Auto vars:     Size  Location     Type
		None
 Return value:  Size  Location     Type
                  1    wreg      void 
 Registers used:
		None
 Tracked objects:
		On entry : 
		On exit  : 
		Unchanged: 
 Data sizes:     COMRAM   BANK0   BANK1   BANK2   BANK3   BANK4   BANK5   BANK6   BANK7
      Params:         0       0       0       0       0       0       0       0       0
      Locals:         0       0       0       0       0       0       0       0       0
      Temps:          0       0       0       0       0       0       0       0       0
      Totals:         0       0       0       0       0       0       0       0       0
Total ram usage:        0 bytes
 Hardware stack levels used:    1
 This function calls:
		Nothing
 This function is called by:
		_I2C_Read
 This function uses a non-reentrant model


 *************** function _LCD_String_xy *****************
 Defined at:
		line 63 in file "LCD_20x4.c"
 Parameters:    Size  Location     Type
  row             1    wreg     unsigned char 
  pos             1   10[COMRAM] unsigned char 
  msg             2   11[COMRAM] PTR const unsigned char 
		 -> Rtc@date(10), Rtc@hours(10), STR_28(3), STR_27(3), 
		 -> STR_26(20), main@c1_402(6), STR_23(15), main@c1(6), 
		 -> main@c(6), STR_18(5), STR_17(5), STR_16(14), 
		 -> STR_6(14), STR_5(16), STR_4(19), STR_3(13), 
		 -> STR_2(21), STR_1(13), 
 Auto vars:     Size  Location     Type
  row             1   13[COMRAM] unsigned char 
 Return value:  Size  Location     Type
                  1    wreg      void 
 Registers used:
		wreg, fsr0l, fsr0h, status,2, status,0, tblptrl, tblptrh, tblptru, cstack
 Tracked objects:
		On entry : 
		On exit  : 
		Unchanged: 
 Data sizes:     COMRAM   BANK0   BANK1   BANK2   BANK3   BANK4   BANK5   BANK6   BANK7
      Params:         3       0       0       0       0       0       0       0       0
      Locals:         1       0       0       0       0       0       0       0       0
      Temps:          0       0       0       0       0       0       0       0       0
      Totals:         4       0       0       0       0       0       0       0       0
Total ram usage:        4 bytes
 Hardware stack levels used:    1
 Hardware stack levels required when called:    3
 This function calls:
		_LCD_Command
		_LCD_String
 This function is called by:
		_main
		_Rtc
 This function uses a non-reentrant model


 *************** function _LCD_String *****************
 Defined at:
		line 53 in file "LCD_20x4.c"
 Parameters:    Size  Location     Type
  msg             2    8[COMRAM] PTR const unsigned char 
		 -> STR_44(4), STR_43(4), STR_42(4), STR_41(4), 
		 -> STR_40(4), STR_39(4), STR_38(4), Rtc@year(10), 
		 -> Rtc@month(10), Rtc@date(10), Rtc@hours(10), Rtc@mins(10), 
		 -> Rtc@secs(10), STR_28(3), STR_27(3), STR_26(20), 
		 -> STR_25(15), main@c1_402(6), STR_23(15), main@c1(6), 
		 -> STR_21(19), STR_20(8), main@c(6), STR_18(5), 
		 -> STR_17(5), STR_16(14), STR_15(14), STR_14(14), 
		 -> STR_13(16), STR_12(14), STR_11(19), STR_10(14), 
		 -> STR_9(18), STR_8(14), STR_7(15), STR_6(14), 
		 -> STR_5(16), STR_4(19), STR_3(13), STR_2(21), 
		 -> STR_1(13), 
 Auto vars:     Size  Location     Type
		None
 Return value:  Size  Location     Type
                  1    wreg      void 
 Registers used:
		wreg, fsr0l, fsr0h, status,2, status,0, tblptrl, tblptrh, tblptru, cstack
 Tracked objects:
		On entry : 
		On exit  : 
		Unchanged: 
 Data sizes:     COMRAM   BANK0   BANK1   BANK2   BANK3   BANK4   BANK5   BANK6   BANK7
      Params:         2       0       0       0       0       0       0       0       0
      Locals:         0       0       0       0       0       0       0       0       0
      Temps:          0       0       0       0       0       0       0       0       0
      Totals:         2       0       0       0       0       0       0       0       0
Total ram usage:        2 bytes
 Hardware stack levels used:    1
 Hardware stack levels required when called:    2
 This function calls:
		_LCD_Char
 This function is called by:
		_main
		_Rtc
		_LCD_String_xy
 This function uses a non-reentrant model


 *************** function _LCD_Char *****************
 Defined at:
		line 39 in file "LCD_20x4.c"
 Parameters:    Size  Location     Type
  dat             1    wreg     unsigned char 
 Auto vars:     Size  Location     Type
  dat             1    7[COMRAM] unsigned char 
 Return value:  Size  Location     Type
                  1    wreg      void 
 Registers used:
		wreg, status,2, status,0, cstack
 Tracked objects:
		On entry : 
		On exit  : 
		Unchanged: 
 Data sizes:     COMRAM   BANK0   BANK1   BANK2   BANK3   BANK4   BANK5   BANK6   BANK7
      Params:         0       0       0       0       0       0       0       0       0
      Locals:         1       0       0       0       0       0       0       0       0
      Temps:          1       0       0       0       0       0       0       0       0
      Totals:         2       0       0       0       0       0       0       0       0
Total ram usage:        2 bytes
 Hardware stack levels used:    1
 Hardware stack levels required when called:    1
 This function calls:
		_MSdelay
 This function is called by:
		_LCD_String
 This function uses a non-reentrant model


 *************** function _LCD_Init *****************
 Defined at:
		line 8 in file "LCD_20x4.c"
 Parameters:    Size  Location     Type
		None
 Auto vars:     Size  Location     Type
		None
 Return value:  Size  Location     Type
                  1    wreg      void 
 Registers used:
		wreg, status,2, status,0, cstack
 Tracked objects:
		On entry : 
		On exit  : 
		Unchanged: 
 Data sizes:     COMRAM   BANK0   BANK1   BANK2   BANK3   BANK4   BANK5   BANK6   BANK7
      Params:         0       0       0       0       0       0       0       0       0
      Locals:         0       0       0       0       0       0       0       0       0
      Temps:          0       0       0       0       0       0       0       0       0
      Totals:         0       0       0       0       0       0       0       0       0
Total ram usage:        0 bytes
 Hardware stack levels used:    1
 Hardware stack levels required when called:    2
 This function calls:
		_LCD_Command
		_MSdelay
 This function is called by:
		_main
 This function uses a non-reentrant model


 *************** function _LCD_Clear *****************
 Defined at:
		line 91 in file "LCD_20x4.c"
 Parameters:    Size  Location     Type
		None
 Auto vars:     Size  Location     Type
		None
 Return value:  Size  Location     Type
                  1    wreg      void 
 Registers used:
		wreg, status,2, status,0, cstack
 Tracked objects:
		On entry : 
		On exit  : 
		Unchanged: 
 Data sizes:     COMRAM   BANK0   BANK1   BANK2   BANK3   BANK4   BANK5   BANK6   BANK7
      Params:         0       0       0       0       0       0       0       0       0
      Locals:         0       0       0       0       0       0       0       0       0
      Temps:          0       0       0       0       0       0       0       0       0
      Totals:         0       0       0       0       0       0       0       0       0
Total ram usage:        0 bytes
 Hardware stack levels used:    1
 Hardware stack levels required when called:    2
 This function calls:
		_LCD_Command
		_MSdelay
 This function is called by:
		_main
 This function uses a non-reentrant model


 *************** function _LCD_Command *****************
 Defined at:
		line 21 in file "LCD_20x4.c"
 Parameters:    Size  Location     Type
  cmd             1    wreg     unsigned char 
 Auto vars:     Size  Location     Type
  cmd             1    7[COMRAM] unsigned char 
 Return value:  Size  Location     Type
                  1    wreg      void 
 Registers used:
		wreg, status,2, status,0, cstack
 Tracked objects:
		On entry : 
		On exit  : 
		Unchanged: 
 Data sizes:     COMRAM   BANK0   BANK1   BANK2   BANK3   BANK4   BANK5   BANK6   BANK7
      Params:         0       0       0       0       0       0       0       0       0
      Locals:         1       0       0       0       0       0       0       0       0
      Temps:          1       0       0       0       0       0       0       0       0
      Totals:         2       0       0       0       0       0       0       0       0
Total ram usage:        2 bytes
 Hardware stack levels used:    1
 Hardware stack levels required when called:    1
 This function calls:
		_MSdelay
 This function is called by:
		_LCD_Init
		_LCD_String_xy
		_LCD_Clear
 This function uses a non-reentrant model


 *************** function _MSdelay *****************
 Defined at:
		line 97 in file "LCD_20x4.c"
 Parameters:    Size  Location     Type
  val             2    0[COMRAM] unsigned int 
 Auto vars:     Size  Location     Type
  j               2    4[COMRAM] unsigned int 
  i               2    2[COMRAM] unsigned int 
 Return value:  Size  Location     Type
                  1    wreg      void 
 Registers used:
		wreg, status,2, status,0
 Tracked objects:
		On entry : 
		On exit  : 
		Unchanged: 
 Data sizes:     COMRAM   BANK0   BANK1   BANK2   BANK3   BANK4   BANK5   BANK6   BANK7
      Params:         2       0       0       0       0       0       0       0       0
      Locals:         4       0       0       0       0       0       0       0       0
      Temps:          0       0       0       0       0       0       0       0       0
      Totals:         6       0       0       0       0       0       0       0       0
Total ram usage:        6 bytes
 Hardware stack levels used:    1
 This function calls:
		Nothing
 This function is called by:
		_keyfind
		_main
		_entregarproducto
		_LCD_Init
		_LCD_Command
		_LCD_Char
		_LCD_Clear
 This function uses a non-reentrant model


 *************** function _I2C_Init *****************
 Defined at:
		line 29 in file "I2C.c"
 Parameters:    Size  Location     Type
		None
 Auto vars:     Size  Location     Type
		None
 Return value:  Size  Location     Type
                  1    wreg      void 
 Registers used:
		wreg, status,2
 Tracked objects:
		On entry : 
		On exit  : 
		Unchanged: 
 Data sizes:     COMRAM   BANK0   BANK1   BANK2   BANK3   BANK4   BANK5   BANK6   BANK7
      Params:         0       0       0       0       0       0       0       0       0
      Locals:         0       0       0       0       0       0       0       0       0
      Temps:          0       0       0       0       0       0       0       0       0
      Totals:         0       0       0       0       0       0       0       0       0
Total ram usage:        0 bytes
 Hardware stack levels used:    1
 This function calls:
		Nothing
 This function is called by:
		_main
 This function uses a non-reentrant model



MODULE INFORMATION

Module		Function		Class		Link	Load	Size
Vending_Machine.c
		_entregarproducto		CODE           	6626	0000	112
		_entregarproductos		CODE           	62E8	0000	72
		_main          		CODE           	78FC	0000	1442
		_RTC_Read_Clock		CODE           	637A	0000	74
		_RTC_Read_Calendar		CODE           	64AE	0000	90
		_Rtc           		CODE           	733C	0000	732

Vending_Machine.c estimated size: 2522

D:\Program Files\Microchip\xc8\v2.31\pic\sources\c99\common\nf_fputc.c
		_fputc         		CODE           	67EA	0000	202

D:\Program Files\Microchip\xc8\v2.31\pic\sources\c99\common\nf_fputc.c estimated size: 202

I2C.c
		_I2C_Write     		CODE           	6030	0000	34
		_I2C_Stop      		CODE           	6002	0000	20
		_I2C_Read      		CODE           	61AC	0000	58
		_I2C_Ready     		CODE           	5FB4	0000	18
		_I2C_Init      		CODE           	6016	0000	26
		_I2C_Repeated_Start		CODE           	607A	0000	46
		_I2C_Ack       		CODE           	5FDA	0000	20
		_I2C_Nack      		CODE           	5FEE	0000	20
		_I2C_Start     		CODE           	60A8	0000	46

I2C.c estimated size: 288

LCD_20x4.c
		_LCD_String    		CODE           	6508	0000	94
		_LCD_Init      		CODE           	60D6	0000	48
		_LCD_Command   		CODE           	63C4	0000	76
		_LCD_String_xy 		CODE           	6696	0000	142
		_LCD_Char      		CODE           	6410	0000	76
		_LCD_Clear     		CODE           	5FC6	0000	20
		_MSdelay       		CODE           	6330	0000	74

LCD_20x4.c estimated size: 530

D:\Program Files\Microchip\xc8\v2.31\pic\sources\c99\common\putch.c
		_putch         		CODE           	5FB2	0000	2

D:\Program Files\Microchip\xc8\v2.31\pic\sources\c99\common\putch.c estimated size: 2

D:\Program Files\Microchip\xc8\v2.31\pic\sources\c99\common\doprnt.c
		_vfpfcnvrt     		CODE           	6DC8	0000	666
		_pad           		CODE           	6724	0000	198
		_dtoa          		CODE           	7618	0000	740
		_vfprintf      		CODE           	65C4	0000	98
		_xtoa          		CODE           	7062	0000	730

D:\Program Files\Microchip\xc8\v2.31\pic\sources\c99\common\doprnt.c estimated size: 2432

D:\Program Files\Microchip\xc8\v2.31\pic\sources\c99\common\aomod.c
		___aomod       		CODE           	68B4	0000	356

D:\Program Files\Microchip\xc8\v2.31\pic\sources\c99\common\aomod.c estimated size: 356

D:\Program Files\Microchip\xc8\v2.31\pic\sources\c99\common\nf_sprintf.c
		_sprintf       		CODE           	645C	0000	82

D:\Program Files\Microchip\xc8\v2.31\pic\sources\c99\common\nf_sprintf.c estimated size: 82

D:\Program Files\Microchip\xc8\v2.31\pic\sources\c99\common\isupper.c
		_isupper       		CODE           	613C	0000	56

D:\Program Files\Microchip\xc8\v2.31\pic\sources\c99\common\isupper.c estimated size: 56

shared
		__initialization		CODE           	6262	0000	56

shared estimated size: 56

D:\Program Files\Microchip\xc8\v2.31\pic\sources\c99\common\islower.c
		_islower       		CODE           	6174	0000	56

D:\Program Files\Microchip\xc8\v2.31\pic\sources\c99\common\islower.c estimated size: 56

D:\Program Files\Microchip\xc8\v2.31\pic\sources\c99\common\toupper.c
		_toupper       		CODE           	6566	0000	94

D:\Program Files\Microchip\xc8\v2.31\pic\sources\c99\common\toupper.c estimated size: 94

D:\Program Files\Microchip\xc8\v2.31\pic\sources\c99\common\isalpha.c
		_isalpha       		CODE           	61E6	0000	60

D:\Program Files\Microchip\xc8\v2.31\pic\sources\c99\common\isalpha.c estimated size: 60

D:\Program Files\Microchip\xc8\v2.31\pic\sources\c99\common\aodiv.c
		___aodiv       		CODE           	6A18	0000	392

D:\Program Files\Microchip\xc8\v2.31\pic\sources\c99\common\aodiv.c estimated size: 392

D:\Program Files\Microchip\xc8\v2.31\pic\sources\c99\common\nf_fputs.c
		_fputs         		CODE           	62A4	0000	68

D:\Program Files\Microchip\xc8\v2.31\pic\sources\c99\common\nf_fputs.c estimated size: 68

D:\Program Files\Microchip\xc8\v2.31\pic\sources\c99\common\abs.c
		_abs           		CODE           	6222	0000	64

D:\Program Files\Microchip\xc8\v2.31\pic\sources\c99\common\abs.c estimated size: 64

4x4_Keypad.c
		_keyfind       		CODE           	6BA0	0000	552

4x4_Keypad.c estimated size: 552

D:\Program Files\Microchip\xc8\v2.31\pic\sources\c99\common\strlen.c
		_strlen        		CODE           	6106	0000	54

D:\Program Files\Microchip\xc8\v2.31\pic\sources\c99\common\strlen.c estimated size: 54

